04-14 09:20 nessai INFO    : Running Nessai version 0.15.2
04-14 09:20 nessai INFO    : pool and n_pool are none, no multiprocessing pool
04-14 09:20 nessai INFO    : Initialising nested sampler
04-14 09:20 nessai WARNING : Multiprocessing pool has already been configured.
04-14 09:20 nessai INFO    : Passing kwargs to FlowProposal: {'poolsize': 1000}
04-14 09:20 nessai INFO    : No reparameterisations provided, using default reparameterisations included in FlowProposal
04-14 09:20 nessai INFO    : Adding reparameterisations from: {}
04-14 09:20 nessai INFO    : Assuming fallback reparameterisation (ScaleAndShift) for ['lambda_M', 'mu_a', 'sigma_a'] with kwargs: {'estimate_scale': True, 'estimate_shift': True, 'prior_bounds': {'lambda_M': array([-3.  , -1.01]), 'mu_a': array([0.1, 0.7]), 'sigma_a': array([0.001, 0.05 ])}}.
04-14 09:20 nessai INFO    : x space parameters: ['lambda_M', 'mu_a', 'sigma_a']
04-14 09:20 nessai INFO    : x prime space parameters: ['lambda_M_prime', 'mu_a_prime', 'sigma_a_prime']
04-14 09:20 nessai INFO    : Overwriting fuzz factor with expansion fraction
04-14 09:20 nessai INFO    : New fuzz factor: 1.7099759466766968
04-14 09:20 nessai INFO    : Verifying rescaling functions
04-14 09:20 nessai INFO    : Rescaling functions are invertible
04-14 09:20 nessai INFO    : Populating initial live points
04-14 09:20 nessai INFO    : Populated 100 / 1000 live points
04-14 09:20 nessai INFO    : Populated 200 / 1000 live points
04-14 09:20 nessai INFO    : Populated 300 / 1000 live points
04-14 09:20 nessai INFO    : Populated 400 / 1000 live points
04-14 09:20 nessai INFO    : Populated 500 / 1000 live points
04-14 09:20 nessai INFO    : Populated 600 / 1000 live points
04-14 09:20 nessai INFO    : Populated 700 / 1000 live points
04-14 09:20 nessai INFO    : Populated 800 / 1000 live points
04-14 09:20 nessai INFO    : Populated 900 / 1000 live points
04-14 09:20 nessai INFO    : Populated 1000 / 1000 live points
04-14 09:20 nessai INFO    : Starting nested sampling loop
04-14 09:20 nessai INFO    : it:  1000: Rolling KS test: D=0.015, p-value=0.6313
04-14 09:20 nessai INFO    : it:  1000: n eval: 4000 H: 4.94 dlogZ: 125.974 logZ: -141.783 +/- 0.070 logLmax: -14.81
04-14 09:20 nessai INFO    : it:  2000: Rolling KS test: D=0.01, p-value=0.8133
04-14 09:20 nessai INFO    : it:  2000: n eval: 9000 H: 4.47 dlogZ: 37.520 logZ: -54.329 +/- 0.067 logLmax: -14.81
04-14 09:20 nessai INFO    : Switching to FlowProposal
04-14 09:20 nessai INFO    : it:  3000: Rolling KS test: D=0.02, p-value=0.4434
04-14 09:20 nessai INFO    : it:  3000: n eval: 13152 H: 4.41 dlogZ: 16.808 logZ: -34.617 +/- 0.066 logLmax: -14.81
04-14 09:20 nessai INFO    : it:  4000: Rolling KS test: D=0.016, p-value=0.593
04-14 09:20 nessai INFO    : it:  4000: n eval: 14575 H: 4.42 dlogZ: 8.814 logZ: -27.623 +/- 0.066 logLmax: -14.81
04-14 09:20 nessai INFO    : it:  5000: Rolling KS test: D=0.006, p-value=0.9268
04-14 09:20 nessai INFO    : it:  5000: n eval: 15961 H: 4.51 dlogZ: 5.142 logZ: -24.838 +/- 0.067 logLmax: -14.70
04-14 09:20 nessai INFO    : it:  6000: Rolling KS test: D=0.032, p-value=0.1263
04-14 09:20 nessai INFO    : it:  6000: n eval: 17310 H: 4.71 dlogZ: 2.864 logZ: -23.507 +/- 0.069 logLmax: -14.70
04-14 09:21 nessai INFO    : it:  7000: Rolling KS test: D=0.029, p-value=0.1825
04-14 09:21 nessai INFO    : it:  7000: n eval: 19911 H: 4.91 dlogZ: 1.399 logZ: -22.817 +/- 0.070 logLmax: -14.70
04-14 09:21 nessai INFO    : it:  8000: Rolling KS test: D=0.013, p-value=0.7071
04-14 09:21 nessai INFO    : it:  8000: n eval: 21214 H: 5.07 dlogZ: 0.583 logZ: -22.457 +/- 0.071 logLmax: -14.69
04-14 09:21 nessai INFO    : it:  9000: Rolling KS test: D=0.004, p-value=0.9659
04-14 09:21 nessai INFO    : it:  9000: n eval: 22500 H: 5.18 dlogZ: 0.231 logZ: -22.280 +/- 0.072 logLmax: -14.63
04-14 09:21 nessai INFO    : Stopping with difference_log_evidence=0.100
04-14 09:21 nessai INFO    : Finalising
04-14 09:21 nessai INFO    : Final ln-evidence: -22.136 +/- 0.073
04-14 09:21 nessai INFO    : Information: 5.30
04-14 09:21 nessai INFO    : Final KS test: D=0.003937, p-value=0.7351
04-14 09:21 nessai INFO    : Checkpointing nested sampling
04-14 09:21 nessai INFO    : Total sampling time: 0:00:27.569071
04-14 09:21 nessai INFO    : Total training time: 0:00:08.888502
04-14 09:21 nessai INFO    : Total population time: 0:00:03.832176
04-14 09:21 nessai INFO    : Total likelihood evaluations: 25111
04-14 09:21 nessai INFO    : Time spent evaluating likelihood: 0:00:09.599597
04-14 09:21 nessai INFO    : Total sampling time: 0:00:27.569071
04-14 09:21 nessai INFO    : Total likelihood evaluations: 25111
04-14 09:21 nessai INFO    : Starting post processing
04-14 09:21 nessai INFO    : Computing posterior samples
04-14 09:21 nessai INFO    : Effective sample size: 5452.1
04-14 09:21 nessai INFO    : Producing posterior samples using rejection sampling
04-14 09:21 nessai INFO    : Expect 3814.8434270095267 samples from rejection sampling
04-14 09:21 nessai INFO    : Returned 3801 posterior samples
